[llama31_8b_T0_neutralJAG] warm-up 3.54s
[llama31_8b_T0_neutralJAG] r1 S1 full=V/18.91s legal_only=V/4.91s
[llama31_8b_T0_neutralJAG] r1 S2 full=V/16.55s legal_only=V/7.19s
[llama31_8b_T0_neutralJAG] r1 S3 full=-/14.96s legal_only=-/3.73s
[llama31_8b_T0_neutralJAG] r1 S4 full=V/16.47s legal_only=V/4.75s
[llama31_8b_T0_neutralJAG] r1 S5 full=V/17.15s legal_only=V/4.89s
[llama31_8b_T0_neutralJAG] r1 S6 full=V/10.48s legal_only=V/4.8s
[llama31_8b_T0_neutralJAG] r1 S7 full=-/15.65s legal_only=-/3.81s
[llama31_8b_T0_neutralJAG] r1 S8 full=-/15.69s legal_only=V/4.84s
[llama31_8b_T0_neutralJAG] r1 S9 full=V/15.65s legal_only=V/4.71s
[llama31_8b_T0_neutralJAG] r1 S10 full=V/17.87s legal_only=V/4.67s
[llama31_8b_T0_neutralJAG] r1 S11 full=V/17.32s legal_only=-/3.8s
[llama31_8b_T0_neutralJAG] r1 S12 full=V/16.36s legal_only=V/4.27s
[llama31_8b_T0_neutralJAG] r1 S13 full=V/16.7s legal_only=-/4.02s
[llama31_8b_T0_neutralJAG] r1 S14 full=V/15.81s legal_only=V/4.42s
[llama31_8b_T0_neutralJAG] repeat 1 saved results/v2/llama31_8b_T0_neutralJAG_r1.json correct={'full': 11, 'legal_only': 14}
[llama31_8b_T0_neutralJAG] r2 S1 full=V/16.79s legal_only=V/4.89s
[llama31_8b_T0_neutralJAG] r2 S2 full=V/16.39s legal_only=V/6.61s
[llama31_8b_T0_neutralJAG] r2 S3 full=-/14.95s legal_only=-/3.72s
[llama31_8b_T0_neutralJAG] r2 S4 full=V/16.36s legal_only=V/4.84s
[llama31_8b_T0_neutralJAG] r2 S5 full=V/17.12s legal_only=V/4.85s
[llama31_8b_T0_neutralJAG] r2 S6 full=V/10.48s legal_only=V/4.85s
[llama31_8b_T0_neutralJAG] r2 S7 full=-/15.71s legal_only=-/3.7s
[llama31_8b_T0_neutralJAG] r2 S8 full=-/15.85s legal_only=V/4.87s
[llama31_8b_T0_neutralJAG] r2 S9 full=V/15.83s legal_only=V/4.62s
[llama31_8b_T0_neutralJAG] r2 S10 full=V/17.79s legal_only=V/4.77s
[llama31_8b_T0_neutralJAG] r2 S11 full=V/17.48s legal_only=-/4.02s
[llama31_8b_T0_neutralJAG] r2 S12 full=V/16.39s legal_only=V/4.48s
[llama31_8b_T0_neutralJAG] r2 S13 full=V/17.08s legal_only=-/3.89s
[llama31_8b_T0_neutralJAG] r2 S14 full=V/16.12s legal_only=V/4.34s
[llama31_8b_T0_neutralJAG] repeat 2 saved results/v2/llama31_8b_T0_neutralJAG_r2.json correct={'full': 11, 'legal_only': 14}
[llama31_8b_T0_neutralJAG] r3 S1 full=V/17.02s legal_only=V/4.94s
[llama31_8b_T0_neutralJAG] r3 S2 full=V/16.82s legal_only=V/6.56s
[llama31_8b_T0_neutralJAG] r3 S3 full=-/14.89s legal_only=-/3.94s
[llama31_8b_T0_neutralJAG] r3 S4 full=V/16.47s legal_only=V/4.94s
[llama31_8b_T0_neutralJAG] r3 S5 full=V/17.31s legal_only=V/4.95s
[llama31_8b_T0_neutralJAG] r3 S6 full=V/10.48s legal_only=V/4.9s
[llama31_8b_T0_neutralJAG] r3 S7 full=-/15.78s legal_only=-/3.87s
[llama31_8b_T0_neutralJAG] r3 S8 full=-/15.85s legal_only=V/4.9s
[llama31_8b_T0_neutralJAG] r3 S9 full=V/15.93s legal_only=V/4.6s
[llama31_8b_T0_neutralJAG] r3 S10 full=V/17.91s legal_only=V/4.86s
[llama31_8b_T0_neutralJAG] r3 S11 full=V/17.17s legal_only=-/4.04s
[llama31_8b_T0_neutralJAG] r3 S12 full=V/16.37s legal_only=V/4.49s
[llama31_8b_T0_neutralJAG] r3 S13 full=V/16.87s legal_only=-/4.06s
[llama31_8b_T0_neutralJAG] r3 S14 full=V/15.98s legal_only=V/4.43s
[llama31_8b_T0_neutralJAG] repeat 3 saved results/v2/llama31_8b_T0_neutralJAG_r3.json correct={'full': 11, 'legal_only': 14}
