[llama31_8b_T0] warm-up 0.37s
[llama31_8b_T0] r1 S1 baseline=-/7.95s noveto=-/16.33s full=V/16.54s full_seq=V/16.61s legal_only=V/4.8s
[llama31_8b_T0] r1 S2 baseline=-/8.32s noveto=-/19.1s full=V/19.45s full_seq=V/18.93s legal_only=V/6.63s
[llama31_8b_T0] r1 S3 baseline=-/6.95s noveto=-/14.59s full=-/15.89s full_seq=-/14.75s legal_only=-/4.23s
[llama31_8b_T0] r1 S4 baseline=-/6.78s noveto=-/16.86s full=V/26.84s full_seq=V/17.64s legal_only=V/7.03s
[llama31_8b_T0] r1 S5 baseline=-/8.36s noveto=-/16.07s full=V/16.68s full_seq=V/16.73s legal_only=V/5.43s
[llama31_8b_T0] r1 S6 baseline=-/2.5s noveto=-/12.65s full=V/13.7s full_seq=V/12.81s legal_only=V/5.9s
[llama31_8b_T0] r1 S7 baseline=-/7.35s noveto=-/15.16s full=-/16.57s full_seq=-/14.96s legal_only=-/4.36s
[llama31_8b_T0] r1 S8 baseline=-/7.54s noveto=-/16.97s full=V/16.38s full_seq=V/16.44s legal_only=V/6.18s
[llama31_8b_T0] r1 S9 baseline=-/7.11s noveto=-/17.14s full=V/17.94s full_seq=V/17.14s legal_only=V/7.16s
[llama31_8b_T0] r1 S10 baseline=-/8.57s noveto=-/16.96s full=V/17.05s full_seq=V/18.11s legal_only=V/5.16s
[llama31_8b_T0] r1 S11 baseline=-/7.9s noveto=-/16.87s full=V/16.1s full_seq=V/15.7s legal_only=V/5.72s
[llama31_8b_T0] r1 S12 baseline=-/6.49s noveto=-/15.8s full=V/16.1s full_seq=V/19.76s legal_only=V/5.35s
[llama31_8b_T0] r1 S13 baseline=-/7.44s noveto=-/26.23s full=V/24.8s full_seq=V/25.32s legal_only=-/11.24s
[llama31_8b_T0] r1 S14 baseline=-/6.83s noveto=-/27.93s full=V/17.21s full_seq=V/17.8s legal_only=V/4.88s
[llama31_8b_T0] repeat 1 saved results/v2/llama31_8b_T0_r1.json correct={'baseline': 4, 'noveto': 4, 'full': 12, 'full_seq': 12, 'legal_only': 13}
[llama31_8b_T0] r2 S1 baseline=-/7.71s noveto=-/16.7s full=V/16.43s full_seq=V/15.91s legal_only=V/4.92s
[llama31_8b_T0] r2 S2 baseline=-/8.25s noveto=-/19.05s full=V/18.43s full_seq=V/18.31s legal_only=V/6.54s
[llama31_8b_T0] r2 S3 baseline=-/7.5s noveto=-/15.12s full=-/16.42s full_seq=-/14.82s legal_only=-/4.28s
[llama31_8b_T0] r2 S4 baseline=-/7.73s noveto=-/18.36s full=V/19.33s full_seq=V/27.11s legal_only=V/7.19s
[llama31_8b_T0] r2 S5 baseline=-/7.95s noveto=-/18.7s full=V/16.35s full_seq=V/18.04s legal_only=V/5.4s
[llama31_8b_T0] r2 S6 baseline=-/2.47s noveto=-/12.82s full=V/12.61s full_seq=V/13.94s legal_only=V/5.97s
[llama31_8b_T0] r2 S7 baseline=-/7.23s noveto=-/14.95s full=-/14.54s full_seq=-/16.4s legal_only=-/4.44s
[llama31_8b_T0] r2 S8 baseline=-/7.02s noveto=-/16.38s full=V/17.2s full_seq=V/16.92s legal_only=V/5.84s
[llama31_8b_T0] r2 S9 baseline=-/7.91s noveto=-/16.61s full=V/17.32s full_seq=V/16.5s legal_only=V/7.35s
[llama31_8b_T0] r2 S10 baseline=-/8.23s noveto=-/17.05s full=V/17.71s full_seq=V/16.67s legal_only=V/4.99s
[llama31_8b_T0] r2 S11 baseline=-/7.43s noveto=-/15.0s full=V/15.54s full_seq=V/16.71s legal_only=V/5.53s
[llama31_8b_T0] r2 S12 baseline=-/6.34s noveto=-/15.7s full=V/17.06s full_seq=V/15.73s legal_only=V/4.84s
[llama31_8b_T0] r2 S13 baseline=-/7.08s noveto=-/24.64s full=V/24.93s full_seq=V/26.3s legal_only=-/11.34s
[llama31_8b_T0] r2 S14 baseline=-/6.8s noveto=-/26.4s full=V/28.1s full_seq=V/16.8s legal_only=V/4.27s
[llama31_8b_T0] repeat 2 saved results/v2/llama31_8b_T0_r2.json correct={'baseline': 4, 'noveto': 4, 'full': 12, 'full_seq': 12, 'legal_only': 13}
[llama31_8b_T0] r3 S1 baseline=-/7.87s noveto=-/16.12s full=V/15.97s full_seq=V/16.08s legal_only=V/5.13s
[llama31_8b_T0] r3 S2 baseline=-/8.41s noveto=-/20.62s full=V/19.15s full_seq=V/19.96s legal_only=V/6.93s
[llama31_8b_T0] r3 S3 baseline=-/6.73s noveto=-/14.85s full=-/16.45s full_seq=-/17.48s legal_only=-/4.11s
[llama31_8b_T0] r3 S4 baseline=-/6.83s noveto=-/16.76s full=V/16.93s full_seq=V/25.68s legal_only=V/6.89s
[llama31_8b_T0] r3 S5 baseline=-/8.17s noveto=-/16.5s full=V/16.97s full_seq=V/19.21s legal_only=V/5.34s
[llama31_8b_T0] r3 S6 baseline=-/2.42s noveto=-/14.36s full=V/13.9s full_seq=V/13.09s legal_only=V/6.36s
[llama31_8b_T0] r3 S7 baseline=-/9.51s noveto=-/17.51s full=-/18.07s full_seq=-/17.41s legal_only=-/4.81s
[llama31_8b_T0] r3 S8 baseline=-/7.9s noveto=-/18.51s full=V/18.47s full_seq=V/20.04s legal_only=V/6.78s
[llama31_8b_T0] r3 S9 baseline=-/8.21s noveto=-/19.53s full=V/20.68s full_seq=V/19.91s legal_only=V/8.29s
[llama31_8b_T0] r3 S10 baseline=-/9.72s noveto=-/21.03s full=V/19.53s full_seq=V/19.6s legal_only=V/5.88s
[llama31_8b_T0] r3 S11 baseline=-/8.32s noveto=-/17.31s full=V/19.24s full_seq=V/17.68s legal_only=V/6.34s
[llama31_8b_T0] r3 S12 baseline=-/7.49s noveto=-/18.51s full=V/18.02s full_seq=V/19.98s legal_only=V/5.61s
[llama31_8b_T0] r3 S13 baseline=-/9.09s noveto=-/29.3s full=V/28.37s full_seq=V/28.87s legal_only=-/12.72s
[llama31_8b_T0] r3 S14 baseline=-/8.03s noveto=-/19.8s full=V/31.11s full_seq=V/32.21s legal_only=V/5.02s
[llama31_8b_T0] repeat 3 saved results/v2/llama31_8b_T0_r3.json correct={'baseline': 4, 'noveto': 4, 'full': 12, 'full_seq': 12, 'legal_only': 13}
[llama31_8b_T0] r4 S1 baseline=-/8.94s noveto=-/19.43s full=V/18.44s full_seq=V/18.52s legal_only=V/5.58s
[llama31_8b_T0] r4 S2 baseline=-/9.94s noveto=-/21.91s full=V/21.2s full_seq=V/21.68s legal_only=V/7.76s
[llama31_8b_T0] r4 S3 baseline=-/8.24s noveto=-/16.45s full=-/18.55s full_seq=-/18.59s legal_only=-/5.1s
[llama31_8b_T0] r4 S4 baseline=-/8.29s noveto=-/20.58s full=V/31.1s full_seq=V/20.2s legal_only=V/8.81s
[llama31_8b_T0] r4 S5 baseline=-/7.69s noveto=-/18.88s full=V/20.46s full_seq=V/15.87s legal_only=V/5.22s
[llama31_8b_T0] r4 S6 baseline=-/3.04s noveto=-/12.92s full=V/12.34s full_seq=V/13.23s legal_only=V/5.86s
[llama31_8b_T0] r4 S7 baseline=-/7.19s noveto=-/14.79s full=-/15.03s full_seq=-/17.12s legal_only=-/4.11s
[llama31_8b_T0] r4 S8 baseline=-/7.17s noveto=-/16.45s full=V/17.75s full_seq=V/17.02s legal_only=V/5.96s
[llama31_8b_T0] r4 S9 baseline=-/8.05s noveto=-/17.48s full=V/16.85s full_seq=V/17.23s legal_only=V/7.16s
[llama31_8b_T0] r4 S10 baseline=-/8.27s noveto=-/18.74s full=V/17.13s full_seq=V/17.07s legal_only=V/5.02s
[llama31_8b_T0] r4 S11 baseline=-/7.28s noveto=-/16.31s full=V/15.23s full_seq=V/15.8s legal_only=V/5.49s
[llama31_8b_T0] r4 S12 baseline=-/6.57s noveto=-/16.15s full=V/16.24s full_seq=V/18.79s legal_only=V/5.12s
[llama31_8b_T0] r4 S13 baseline=-/7.35s noveto=-/27.29s full=V/26.45s full_seq=V/25.64s legal_only=-/11.53s
[llama31_8b_T0] r4 S14 baseline=-/7.2s noveto=-/28.69s full=V/17.66s full_seq=V/17.63s legal_only=V/4.41s
[llama31_8b_T0] repeat 4 saved results/v2/llama31_8b_T0_r4.json correct={'baseline': 4, 'noveto': 4, 'full': 12, 'full_seq': 12, 'legal_only': 13}
[llama31_8b_T0] r5 S1 baseline=-/7.97s noveto=-/16.59s full=V/16.87s full_seq=V/18.07s legal_only=V/5.1s
[llama31_8b_T0] r5 S2 baseline=-/9.14s noveto=-/21.38s full=V/19.23s full_seq=V/19.42s legal_only=V/6.71s
[llama31_8b_T0] r5 S3 baseline=-/6.74s noveto=-/14.55s full=-/16.05s full_seq=-/14.63s legal_only=-/4.29s
[llama31_8b_T0] r5 S4 baseline=-/6.68s noveto=-/25.56s full=V/16.41s full_seq=V/16.88s legal_only=V/6.88s
[llama31_8b_T0] r5 S5 baseline=-/7.65s noveto=-/16.08s full=V/17.06s full_seq=V/15.81s legal_only=V/5.21s
[llama31_8b_T0] r5 S6 baseline=-/2.42s noveto=-/12.34s full=V/12.43s full_seq=V/13.36s legal_only=V/6.05s
[llama31_8b_T0] r5 S7 baseline=-/7.63s noveto=-/14.53s full=-/14.76s full_seq=-/15.25s legal_only=-/4.08s
[llama31_8b_T0] r5 S8 baseline=-/7.3s noveto=-/16.45s full=V/15.64s full_seq=V/15.75s legal_only=V/5.72s
[llama31_8b_T0] r5 S9 baseline=-/7.0s noveto=-/17.57s full=V/16.7s full_seq=V/16.46s legal_only=V/7.02s
[llama31_8b_T0] r5 S10 baseline=-/8.14s noveto=-/16.86s full=V/17.68s full_seq=V/16.56s legal_only=V/4.96s
[llama31_8b_T0] r5 S11 baseline=-/6.96s noveto=-/14.62s full=V/16.23s full_seq=V/14.65s legal_only=V/5.38s
[llama31_8b_T0] r5 S12 baseline=-/7.53s noveto=-/15.38s full=V/15.27s full_seq=V/16.03s legal_only=V/4.98s
[llama31_8b_T0] r5 S13 baseline=-/6.97s noveto=-/24.05s full=V/25.36s full_seq=V/24.08s legal_only=-/10.98s
[llama31_8b_T0] r5 S14 baseline=-/6.8s noveto=-/16.79s full=V/16.68s full_seq=V/27.01s legal_only=V/4.43s
[llama31_8b_T0] repeat 5 saved results/v2/llama31_8b_T0_r5.json correct={'baseline': 4, 'noveto': 4, 'full': 12, 'full_seq': 12, 'legal_only': 13}
