[mistral_7b_T0] warm-up 1.23s
[mistral_7b_T0] r1 S1 baseline=-/10.75s noveto=-/19.74s full=V/24.53s legal_only=V/6.47s
[mistral_7b_T0] r1 S2 baseline=-/9.58s noveto=-/21.16s full=V/18.81s legal_only=V/6.28s
[mistral_7b_T0] r1 S3 baseline=-/9.25s noveto=-/17.4s full=-/19.04s legal_only=-/5.17s
[mistral_7b_T0] r1 S4 baseline=-/9.21s noveto=-/17.92s full=V/18.28s legal_only=V/7.02s
[mistral_7b_T0] r1 S5 baseline=-/9.13s noveto=-/17.57s full=V/17.07s legal_only=V/5.72s
[mistral_7b_T0] r1 S6 baseline=-/9.91s noveto=-/21.1s full=V/19.47s legal_only=V/5.39s
[mistral_7b_T0] r1 S7 baseline=-/8.96s noveto=-/16.74s full=-/16.8s legal_only=V/5.53s
[mistral_7b_T0] r1 S8 baseline=-/8.77s noveto=-/17.48s full=V/18.31s legal_only=V/5.76s
[mistral_7b_T0] r1 S9 baseline=-/9.53s noveto=-/20.52s full=V/20.38s legal_only=V/4.99s
[mistral_7b_T0] r1 S10 baseline=-/8.65s noveto=-/19.64s full=V/18.25s legal_only=V/5.82s
[mistral_7b_T0] r1 S11 baseline=-/9.33s noveto=-/20.82s full=V/18.78s legal_only=V/4.85s
[mistral_7b_T0] r1 S12 baseline=-/9.8s noveto=-/16.76s full=V/17.28s legal_only=V/5.5s
[mistral_7b_T0] r1 S13 baseline=-/11.74s noveto=-/19.66s full=V/19.96s legal_only=-/4.75s
[mistral_7b_T0] r1 S14 baseline=-/9.18s noveto=-/20.27s full=V/21.83s legal_only=V/5.93s
[mistral_7b_T0] repeat 1 saved results/v2/mistral_7b_T0_r1.json correct={'baseline': 4, 'noveto': 4, 'full': 12, 'legal_only': 12}
[mistral_7b_T0] r2 S1 baseline=-/10.57s noveto=-/20.6s full=V/19.3s legal_only=V/6.13s
[mistral_7b_T0] r2 S2 baseline=-/9.49s noveto=-/19.1s full=V/20.79s legal_only=V/5.77s
[mistral_7b_T0] r2 S3 baseline=-/9.2s noveto=-/18.88s full=-/17.24s legal_only=-/5.11s
[mistral_7b_T0] r2 S4 baseline=-/9.14s noveto=-/17.75s full=V/18.03s legal_only=V/7.18s
[mistral_7b_T0] r2 S5 baseline=-/9.1s noveto=-/16.66s full=V/17.4s legal_only=V/5.67s
[mistral_7b_T0] r2 S6 baseline=-/10.63s noveto=-/19.7s full=V/20.17s legal_only=V/5.38s
[mistral_7b_T0] r2 S7 baseline=-/8.2s noveto=-/17.81s full=-/17.71s legal_only=V/5.52s
[mistral_7b_T0] r2 S8 baseline=-/8.12s noveto=-/18.29s full=V/19.52s legal_only=V/5.88s
[mistral_7b_T0] r2 S9 baseline=-/9.78s noveto=-/20.17s full=V/20.92s legal_only=V/5.09s
[mistral_7b_T0] r2 S10 baseline=-/9.25s noveto=-/19.5s full=V/18.66s legal_only=V/5.97s
[mistral_7b_T0] r2 S11 baseline=-/10.94s noveto=-/19.52s full=V/18.51s legal_only=V/4.96s
[mistral_7b_T0] r2 S12 baseline=-/8.97s noveto=-/17.16s full=V/18.5s legal_only=V/5.34s
[mistral_7b_T0] r2 S13 baseline=-/10.01s noveto=-/21.68s full=V/20.07s legal_only=-/4.8s
[mistral_7b_T0] r2 S14 baseline=-/9.28s noveto=-/20.47s full=V/22.47s legal_only=V/5.92s
[mistral_7b_T0] repeat 2 saved results/v2/mistral_7b_T0_r2.json correct={'baseline': 4, 'noveto': 4, 'full': 12, 'legal_only': 12}
[mistral_7b_T0] r3 S1 baseline=-/11.49s noveto=-/19.13s full=V/19.75s legal_only=V/6.39s
[mistral_7b_T0] r3 S2 baseline=-/9.55s noveto=-/20.94s full=V/18.7s legal_only=V/5.84s
[mistral_7b_T0] r3 S3 baseline=-/9.28s noveto=-/17.41s full=-/19.25s legal_only=-/4.93s
[mistral_7b_T0] r3 S4 baseline=-/8.37s noveto=-/19.0s full=V/17.92s legal_only=V/7.27s
[mistral_7b_T0] r3 S5 baseline=-/8.34s noveto=-/16.82s full=V/18.43s legal_only=V/5.71s
[mistral_7b_T0] r3 S6 baseline=-/9.9s noveto=-/19.86s full=V/21.18s legal_only=V/5.4s
[mistral_7b_T0] r3 S7 baseline=-/8.24s noveto=-/17.83s full=-/16.79s legal_only=V/5.33s
[mistral_7b_T0] r3 S8 baseline=-/8.02s noveto=-/17.56s full=V/19.17s legal_only=V/6.02s
[mistral_7b_T0] r3 S9 baseline=-/10.02s noveto=-/20.01s full=V/20.18s legal_only=V/5.03s
[mistral_7b_T0] r3 S10 baseline=-/8.73s noveto=-/18.74s full=V/19.56s legal_only=V/5.92s
[mistral_7b_T0] r3 S11 baseline=-/10.82s noveto=-/19.35s full=V/18.52s legal_only=V/5.08s
[mistral_7b_T0] r3 S12 baseline=-/8.96s noveto=-/16.94s full=V/18.52s legal_only=V/5.35s
[mistral_7b_T0] r3 S13 baseline=-/10.01s noveto=-/20.15s full=V/22.53s legal_only=-/4.8s
[mistral_7b_T0] r3 S14 baseline=-/9.24s noveto=-/22.18s full=V/20.5s legal_only=V/5.95s
[mistral_7b_T0] repeat 3 saved results/v2/mistral_7b_T0_r3.json correct={'baseline': 4, 'noveto': 4, 'full': 12, 'legal_only': 12}
