[qwen25_7b_T0] warm-up 2.98s
[qwen25_7b_T0] r1 S1 baseline=-/7.75s noveto=-/16.46s full=V/20.12s legal_only=V/5.45s
[qwen25_7b_T0] r1 S2 baseline=-/5.9s noveto=-/14.42s full=V/15.36s legal_only=V/6.18s
[qwen25_7b_T0] r1 S3 baseline=-/6.58s noveto=-/14.33s full=-/15.45s legal_only=-/4.39s
[qwen25_7b_T0] r1 S4 baseline=-/6.91s noveto=-/14.82s full=V/15.29s legal_only=V/5.18s
[qwen25_7b_T0] r1 S5 baseline=-/6.31s noveto=-/15.24s full=V/14.15s legal_only=V/5.51s
[qwen25_7b_T0] r1 S6 baseline=-/6.16s noveto=-/15.98s full=V/14.9s legal_only=V/5.77s
[qwen25_7b_T0] r1 S7 baseline=-/6.63s noveto=-/14.0s full=-/14.66s legal_only=-/4.32s
[qwen25_7b_T0] r1 S8 baseline=-/5.41s noveto=-/15.39s full=V/14.33s legal_only=V/5.34s
[qwen25_7b_T0] r1 S9 baseline=-/6.41s noveto=-/14.78s full=V/15.85s legal_only=V/5.19s
[qwen25_7b_T0] r1 S10 baseline=-/6.77s noveto=-/13.67s full=-/14.65s legal_only=-/3.97s
[qwen25_7b_T0] r1 S11 baseline=-/7.08s noveto=-/14.95s full=-/15.38s legal_only=-/5.06s
[qwen25_7b_T0] r1 S12 baseline=-/6.46s noveto=-/14.82s full=V/15.94s legal_only=V/5.6s
[qwen25_7b_T0] r1 S13 baseline=-/6.64s noveto=-/17.56s full=V/15.74s legal_only=V/5.1s
[qwen25_7b_T0] r1 S14 baseline=-/7.05s noveto=-/14.3s full=-/13.76s legal_only=V/4.8s
[qwen25_7b_T0] repeat 1 saved results/v2/qwen25_7b_T0_r1.json correct={'baseline': 4, 'noveto': 4, 'full': 11, 'legal_only': 12}
[qwen25_7b_T0] r2 S1 baseline=-/7.77s noveto=-/17.56s full=V/16.4s legal_only=V/5.43s
[qwen25_7b_T0] r2 S2 baseline=-/6.45s noveto=-/14.8s full=V/14.2s legal_only=V/6.24s
[qwen25_7b_T0] r2 S3 baseline=-/7.3s noveto=-/14.58s full=-/13.98s legal_only=-/4.56s
[qwen25_7b_T0] r2 S4 baseline=-/6.89s noveto=-/14.8s full=V/15.31s legal_only=V/5.22s
[qwen25_7b_T0] r2 S5 baseline=-/6.85s noveto=-/14.54s full=V/13.89s legal_only=V/5.66s
[qwen25_7b_T0] r2 S6 baseline=-/6.62s noveto=-/15.59s full=V/14.87s legal_only=V/5.68s
[qwen25_7b_T0] r2 S7 baseline=-/6.64s noveto=-/14.75s full=-/13.89s legal_only=-/4.34s
[qwen25_7b_T0] r2 S8 baseline=-/5.94s noveto=-/14.67s full=V/14.04s legal_only=V/5.43s
[qwen25_7b_T0] r2 S9 baseline=-/6.9s noveto=-/15.25s full=V/14.7s legal_only=V/5.29s
[qwen25_7b_T0] r2 S10 baseline=-/6.77s noveto=-/13.9s full=-/14.72s legal_only=-/4.02s
[qwen25_7b_T0] r2 S11 baseline=-/6.35s noveto=-/16.17s full=-/14.92s legal_only=-/5.06s
[qwen25_7b_T0] r2 S12 baseline=-/6.45s noveto=-/15.96s full=V/14.41s legal_only=V/5.58s
[qwen25_7b_T0] r2 S13 baseline=-/6.63s noveto=-/17.6s full=V/15.72s legal_only=V/5.07s
[qwen25_7b_T0] r2 S14 baseline=-/6.34s noveto=-/13.94s full=-/14.98s legal_only=V/4.79s
[qwen25_7b_T0] repeat 2 saved results/v2/qwen25_7b_T0_r2.json correct={'baseline': 4, 'noveto': 4, 'full': 11, 'legal_only': 12}
[qwen25_7b_T0] r3 S1 baseline=-/7.8s noveto=-/17.58s full=V/16.52s legal_only=V/5.56s
[qwen25_7b_T0] r3 S2 baseline=-/5.92s noveto=-/14.52s full=V/15.33s legal_only=V/6.16s
[qwen25_7b_T0] r3 S3 baseline=-/6.56s noveto=-/14.35s full=-/15.46s legal_only=-/4.39s
[qwen25_7b_T0] r3 S4 baseline=-/6.91s noveto=-/14.87s full=V/15.29s legal_only=V/5.19s
[qwen25_7b_T0] r3 S5 baseline=-/6.84s noveto=-/13.97s full=V/14.57s legal_only=V/5.45s
[qwen25_7b_T0] r3 S6 baseline=-/6.19s noveto=-/16.07s full=V/15.14s legal_only=V/5.7s
[qwen25_7b_T0] r3 S7 baseline=-/6.65s noveto=-/13.79s full=-/14.46s legal_only=-/4.39s
[qwen25_7b_T0] r3 S8 baseline=-/5.74s noveto=-/15.25s full=V/14.09s legal_only=V/5.43s
[qwen25_7b_T0] r3 S9 baseline=-/6.94s noveto=-/15.27s full=V/14.72s legal_only=V/5.24s
[qwen25_7b_T0] r3 S10 baseline=-/6.81s noveto=-/13.64s full=-/14.58s legal_only=-/4.08s
[qwen25_7b_T0] r3 S11 baseline=-/6.35s noveto=-/16.18s full=-/14.62s legal_only=-/5.07s
[qwen25_7b_T0] r3 S12 baseline=-/7.2s noveto=-/15.07s full=V/14.43s legal_only=V/5.79s
[qwen25_7b_T0] r3 S13 baseline=-/6.66s noveto=-/17.61s full=V/15.74s legal_only=V/5.07s
[qwen25_7b_T0] r3 S14 baseline=-/7.06s noveto=-/14.04s full=-/14.25s legal_only=V/4.81s
[qwen25_7b_T0] repeat 3 saved results/v2/qwen25_7b_T0_r3.json correct={'baseline': 4, 'noveto': 4, 'full': 11, 'legal_only': 12}
